python : Creating test database for alias 'default'...
At line:1 char:1
+ python manage.py test > test_output.txt 2>&1
+ ~~~~~~~~~~~~~~~~~~~~~~~~~~~~~~~~~~~~~~~~~~~~
    + CategoryInfo          : NotSpecified: (Creating test d...as 'default'...:String) [], RemoteException
    + FullyQualifiedErrorId : NativeCommandError
 

Found 16 test(s).
System check identified no issues (0 silenced).
.F...FF.FF......
======================================================================
FAIL: test_login_with_correct_credentials (inventory.tests.AuthTest.test_login_with_correct_credentials)
----------------------------------------------------------------------
Traceback (most recent call last):
  File "C:\Users\Roshan\OneDrive\Desktop\inventory_project\inventory\tests.py", line 25, in 
test_login_with_correct_credentials
    self.assertRedirects(response, '/')
  File "C:\Users\Roshan\AppData\Local\Programs\Python\Python312\Lib\site-packages\django\test\testcases.py", line 512, 
in assertRedirects
    self.assertEqual(
AssertionError: 200 != 302 : Response didn't redirect as expected: Response code was 200 (expected 302)

======================================================================
FAIL: test_signup_page_loads (inventory.tests.AuthTest.test_signup_page_loads)
----------------------------------------------------------------------
Traceback (most recent call last):
  File "C:\Users\Roshan\OneDrive\Desktop\inventory_project\inventory\tests.py", line 18, in test_signup_page_loads
    self.assertEqual(response.status_code, 200)
AssertionError: 404 != 200

======================================================================
FAIL: test_add_duplicate_item (inventory.tests.InventoryTest.test_add_duplicate_item)
----------------------------------------------------------------------
Traceback (most recent call last):
  File "C:\Users\Roshan\OneDrive\Desktop\inventory_project\inventory\tests.py", line 83, in test_add_duplicate_item
    self.assertRedirects(response, '/add/')
  File "C:\Users\Roshan\AppData\Local\Programs\Python\Python312\Lib\site-packages\django\test\testcases.py", line 512, 
in assertRedirects
    self.assertEqual(
AssertionError: 200 != 302 : Response didn't redirect as expected: Response code was 200 (expected 302)

======================================================================
FAIL: test_add_item_with_empty_fields (inventory.tests.InventoryTest.test_add_item_with_empty_fields)
----------------------------------------------------------------------
Traceback (most recent call last):
  File "C:\Users\Roshan\OneDrive\Desktop\inventory_project\inventory\tests.py", line 110, in 
test_add_item_with_empty_fields
    self.assertRedirects(response, '/add/')
  File "C:\Users\Roshan\AppData\Local\Programs\Python\Python312\Lib\site-packages\django\test\testcases.py", line 512, 
in assertRedirects
    self.assertEqual(
AssertionError: 200 != 302 : Response didn't redirect as expected: Response code was 200 (expected 302)

======================================================================
FAIL: test_delete_item (inventory.tests.InventoryTest.test_delete_item)
----------------------------------------------------------------------
Traceback (most recent call last):
  File "C:\Users\Roshan\OneDrive\Desktop\inventory_project\inventory\tests.py", line 100, in test_delete_item
    self.assertFalse(Inventory.objects.filter(id=self.item.id).exists())
AssertionError: True is not false

----------------------------------------------------------------------
Ran 16 tests in 21.471s

FAILED (failures=5)
Destroying test database for alias 'default'...

